// Jest Snapshot v1, https://goo.gl/fbAQLP

exports[`<ChatList /> renders correctly 1`] = `
<ul
  className="MuiList-root-3 MuiList-padding-4 ChatList-chatsList-1"
>
  ChatListItem-12345
  ChatListItem-54321
</ul>
`;

exports[`<ChatList /> renders without chats 1`] = `
<ul
  className="MuiList-root-3 MuiList-padding-4 ChatList-chatsList-1"
>
  <h3
    className="MuiTypography-root-7 MuiTypography-subheading-14 ChatList-noChats-2"
  >
    There is no chats yet ...
  </h3>
</ul>
`;
